<html>
<body>
<pre>
<h1>礦ision Build Log</h1>
<h2>Tool Versions:</h2>
IDE-Version: μVision V5.14.0.0
Copyright (C) 2015 ARM Ltd and ARM Germany GmbH. All rights reserved.
License Information: luo Roxin, xin, LIC=P6FUH-WC2I7-159TV-PMVPD-ILF2X-5VCUN
 
Tool Versions:
Toolchain:       MDK-ARM Professional  Version: 5.14.0.0
Toolchain Path:  E:\Keil_v5\ARM\ARMCC\Bin
C Compiler:      Armcc.exe V5.05 update 1 (build 106)
Assembler:       Armasm.exe V5.05 update 1 (build 106)
Linker/Locator:  ArmLink.exe V5.05 update 1 (build 106)
Library Manager: ArmAr.exe V5.05 update 1 (build 106)
Hex Converter:   FromElf.exe V5.05 update 1 (build 106)
CPU DLL:         SARMCM3.DLL V5.14.0.0
Dialog DLL:      DCM.DLL V1.13.1.0
Target DLL:      Segger\JL2CM3.dll V2.99.13.0
Dialog DLL:      TCM.DLL V1.14.4.0
 
<h2>Project:</h2>
F:\my project\Robomaster\NEWROBO\程序工程\RM-FJUT\USER\RM-FJUT.uvprojx
Project File Date:  07/01/2018

<h2>Output:</h2>
Build target 'RM-FJUT'
compiling main.c...
compiling Bsp_gpio.c...
compiling Bsp_tim.c...
..\Bsp\Bsp_tim.c(7): warning:  #177-D: variable "TIM_ICInitStructure" was declared but never referenced
      TIM_ICInitTypeDef           TIM_ICInitStructure;
..\Bsp\Bsp_tim.c: 1 warning, 0 errors
compiling Driver_Buzzer.c...
compiling Task_SysInit.c...
compiling Task_Control.c...
linking...
Program Size: Code=10010 RO-data=530 RW-data=140 ZI-data=82324  
FromELF: creating hex file...
"..\OBJ\RM-FJUT.axf" - 0 Error(s), 1 Warning(s).

<h2>Collection of Component include folders:</h2>
  F:\my project\Robomaster\NEWROBO\程序工程\RM-FJUT\USER\RTE
  E:\Keil_v5\ARM\PACK\Keil\STM32F4xx_DFP\1.0.8\Device\Include

<h2>Collection of Component Files used:</h2>
</pre>
</body>
</html>
